I'm sorry, but errors were detected in your script. Please correct the
errors listed below, and try again.


File "game/script.rpy", line 57: Line is followed by a block, despite not being a menu choice. Did you forget a colon at the end of the line?
    "Synthwave"
               ^

Ren'Py Version: Ren'Py 7.0.0.196
Fri Aug 17 01:09:08 2018
